Error: empty list not allowed in this context; stack:
	{"overallPos":4,"line":2,"offset":0}