Error: not a function setq; stack:
	{"overallPos":0,"line":1,"offset":0}
	{"overallPos":0,"line":1,"offset":0}