Error: wrong arguments number got 0, expected 1 for <func {"overallPos":1,"line":1,"offset":1}>; stack:
	{"overallPos":0,"line":1,"offset":0}