Error: wrong arguments number got 2, expected 1 for <func {"overallPos":0,"line":1,"offset":0}>; stack:
	{"overallPos":27,"line":2,"offset":0}