["int:2","int:3","int:4","int:5"]
["int:2","int:3","int:4","int:2"]
["int:1","int:2","int:4","int:5","int:9","int:12"]
